00:00 +0: loading /home/patrick/IdeaProjects/legacy_gantt_chart/test/src/bars_collection_painter_test.dart                                                                                             00:00 +0: BarsCollectionPainter handles dragged task that does not exist                                                                                                                               00:01 +0: BarsCollectionPainter handles dragged task that does not exist                                                                                                                               00:01 +0: BarsCollectionPainter handles dragged task that does not exist                                                                                                                               
══╡ EXCEPTION CAUGHT BY RENDERING LIBRARY ╞═════════════════════════════════════════════════════════
The following assertion was thrown during paint():
The BarsCollectionPainter#5862e() custom painter called canvas.save() or canvas.saveLayer() at least
1 more time than it called canvas.restore().
This leaves the canvas in an inconsistent state and will probably result in a broken display.
You must pair each call to save()/saveLayer() with a later matching call to restore().

The relevant error-causing widget was:
  CustomPaint
  CustomPaint:file:///home/patrick/IdeaProjects/legacy_gantt_chart/test/src/bars_collection_painter_test.dart:543:17

When the exception was thrown, this was the stack:
#0      RenderCustomPaint._paintWithPainter.<anonymous closure> (package:flutter/src/rendering/custom_paint.dart:604:9)
#1      RenderCustomPaint._paintWithPainter (package:flutter/src/rendering/custom_paint.dart:634:6)
#2      RenderCustomPaint.paint (package:flutter/src/rendering/custom_paint.dart:641:7)
#3      RenderObject._paintWithContext (package:flutter/src/rendering/object.dart:3436:7)
#4      PaintingContext.paintChild (package:flutter/src/rendering/object.dart:261:13)
#5      RenderBoxContainerDefaultsMixin.defaultPaint (package:flutter/src/rendering/box.dart:3367:15)
#6      RenderCustomMultiChildLayoutBox.paint (package:flutter/src/rendering/custom_layout.dart:425:5)
#7      RenderObject._paintWithContext (package:flutter/src/rendering/object.dart:3436:7)
#8      PaintingContext.paintChild (package:flutter/src/rendering/object.dart:261:13)
#9      RenderProxyBoxMixin.paint (package:flutter/src/rendering/proxy_box.dart:140:13)
#10     _RenderInkFeatures.paint (package:flutter/src/material/material.dart:634:11)
#11     RenderObject._paintWithContext (package:flutter/src/rendering/object.dart:3436:7)
#12     PaintingContext.paintChild (package:flutter/src/rendering/object.dart:261:13)
#13     RenderProxyBoxMixin.paint (package:flutter/src/rendering/proxy_box.dart:140:13)
#14     RenderPhysicalModel.paint.<anonymous closure> (package:flutter/src/rendering/proxy_box.dart:2184:15)
#15     PaintingContext.pushClipRRect (package:flutter/src/rendering/object.dart:622:14)
#16     RenderPhysicalModel.paint (package:flutter/src/rendering/proxy_box.dart:2171:21)
#17     RenderObject._paintWithContext (package:flutter/src/rendering/object.dart:3436:7)
#18     PaintingContext.paintChild (package:flutter/src/rendering/object.dart:261:13)
#19     RenderProxyBoxMixin.paint (package:flutter/src/rendering/proxy_box.dart:140:13)
#20     RenderObject._paintWithContext (package:flutter/src/rendering/object.dart:3436:7)
#21     PaintingContext.paintChild (package:flutter/src/rendering/object.dart:261:13)
#22     RenderProxyBoxMixin.paint (package:flutter/src/rendering/proxy_box.dart:140:13)
#23     RenderObject._paintWithContext (package:flutter/src/rendering/object.dart:3436:7)
#24     PaintingContext._repaintCompositedChild (package:flutter/src/rendering/object.dart:176:11)
#25     PaintingContext.repaintCompositedChild (package:flutter/src/rendering/object.dart:121:5)
#26     PaintingContext._compositeChild (package:flutter/src/rendering/object.dart:272:7)
#27     PaintingContext.paintChild (package:flutter/src/rendering/object.dart:253:7)
#28     RenderProxyBoxMixin.paint (package:flutter/src/rendering/proxy_box.dart:140:13)
#29     RenderObject._paintWithContext (package:flutter/src/rendering/object.dart:3436:7)
#30     PaintingContext.paintChild (package:flutter/src/rendering/object.dart:261:13)
#31     RenderProxyBoxMixin.paint (package:flutter/src/rendering/proxy_box.dart:140:13)
#32     RenderFractionalTranslation.paint (package:flutter/src/rendering/proxy_box.dart:3063:13)
#33     RenderObject._paintWithContext (package:flutter/src/rendering/object.dart:3436:7)
#34     PaintingContext.paintChild (package:flutter/src/rendering/object.dart:261:13)
#35     RenderProxyBoxMixin.paint (package:flutter/src/rendering/proxy_box.dart:140:13)
#36     RenderAnimatedOpacityMixin.paint (package:flutter/src/rendering/proxy_box.dart:1076:11)
#37     RenderObject._paintWithContext (package:flutter/src/rendering/object.dart:3436:7)
#38     PaintingContext._repaintCompositedChild (package:flutter/src/rendering/object.dart:176:11)
#39     PaintingContext.repaintCompositedChild (package:flutter/src/rendering/object.dart:121:5)
#40     PaintingContext._compositeChild (package:flutter/src/rendering/object.dart:272:7)
#41     PaintingContext.paintChild (package:flutter/src/rendering/object.dart:253:7)
#42     RenderProxyBoxMixin.paint (package:flutter/src/rendering/proxy_box.dart:140:13)
#43     RenderFractionalTranslation.paint (package:flutter/src/rendering/proxy_box.dart:3063:13)
#44     RenderObject._paintWithContext (package:flutter/src/rendering/object.dart:3436:7)
#45     PaintingContext.paintChild (package:flutter/src/rendering/object.dart:261:13)
#46     RenderProxyBoxMixin.paint (package:flutter/src/rendering/proxy_box.dart:140:13)
#47     RenderAnimatedOpacityMixin.paint (package:flutter/src/rendering/proxy_box.dart:1076:11)
#48     RenderObject._paintWithContext (package:flutter/src/rendering/object.dart:3436:7)
#49     PaintingContext._repaintCompositedChild (package:flutter/src/rendering/object.dart:176:11)
#50     PaintingContext.repaintCompositedChild (package:flutter/src/rendering/object.dart:121:5)
#51     PaintingContext._compositeChild (package:flutter/src/rendering/object.dart:272:7)
#52     PaintingContext.paintChild (package:flutter/src/rendering/object.dart:253:7)
#53     _RenderColoredBox.paint (package:flutter/src/widgets/basic.dart:8443:15)
#54     RenderObject._paintWithContext (package:flutter/src/rendering/object.dart:3436:7)
#55     PaintingContext.paintChild (package:flutter/src/rendering/object.dart:261:13)
#56     RenderProxyBoxMixin.paint (package:flutter/src/rendering/proxy_box.dart:140:13)
#57     RenderFractionalTranslation.paint (package:flutter/src/rendering/proxy_box.dart:3063:13)
#58     RenderObject._paintWithContext (package:flutter/src/rendering/object.dart:3436:7)
#59     PaintingContext.paintChild (package:flutter/src/rendering/object.dart:261:13)
#60     RenderProxyBoxMixin.paint (package:flutter/src/rendering/proxy_box.dart:140:13)
#61     RenderAnimatedOpacityMixin.paint (package:flutter/src/rendering/proxy_box.dart:1076:11)
#62     RenderObject._paintWithContext (package:flutter/src/rendering/object.dart:3436:7)
#63     PaintingContext._repaintCompositedChild (package:flutter/src/rendering/object.dart:176:11)
#64     PaintingContext.repaintCompositedChild (package:flutter/src/rendering/object.dart:121:5)
#65     PaintingContext._compositeChild (package:flutter/src/rendering/object.dart:272:7)
#66     PaintingContext.paintChild (package:flutter/src/rendering/object.dart:253:7)
#67     RenderProxyBoxMixin.paint (package:flutter/src/rendering/proxy_box.dart:140:13)
#68     RenderObject._paintWithContext (package:flutter/src/rendering/object.dart:3436:7)
#69     PaintingContext.paintChild (package:flutter/src/rendering/object.dart:261:13)
#70     RenderProxyBoxMixin.paint (package:flutter/src/rendering/proxy_box.dart:140:13)
#71     RenderFractionalTranslation.paint (package:flutter/src/rendering/proxy_box.dart:3063:13)
#72     RenderObject._paintWithContext (package:flutter/src/rendering/object.dart:3436:7)
#73     PaintingContext.paintChild (package:flutter/src/rendering/object.dart:261:13)
#74     RenderProxyBoxMixin.paint (package:flutter/src/rendering/proxy_box.dart:140:13)
#75     RenderAnimatedOpacityMixin.paint (package:flutter/src/rendering/proxy_box.dart:1076:11)
#76     RenderObject._paintWithContext (package:flutter/src/rendering/object.dart:3436:7)
#77     PaintingContext._repaintCompositedChild (package:flutter/src/rendering/object.dart:176:11)
#78     PaintingContext.repaintCompositedChild (package:flutter/src/rendering/object.dart:121:5)
#79     PaintingContext._compositeChild (package:flutter/src/rendering/object.dart:272:7)
#80     PaintingContext.paintChild (package:flutter/src/rendering/object.dart:253:7)
#81     RenderProxyBoxMixin.paint (package:flutter/src/rendering/proxy_box.dart:140:13)
#82     RenderObject._paintWithContext (package:flutter/src/rendering/object.dart:3436:7)
#83     PaintingContext._repaintCompositedChild (package:flutter/src/rendering/object.dart:176:11)
#84     PaintingContext.repaintCompositedChild (package:flutter/src/rendering/object.dart:121:5)
#85     PaintingContext._compositeChild (package:flutter/src/rendering/object.dart:272:7)
#86     PaintingContext.paintChild (package:flutter/src/rendering/object.dart:253:7)
#87     RenderProxyBoxMixin.paint (package:flutter/src/rendering/proxy_box.dart:140:13)
#88     RenderObject._paintWithContext (package:flutter/src/rendering/object.dart:3436:7)
#89     PaintingContext.paintChild (package:flutter/src/rendering/object.dart:261:13)
#90     RenderProxyBoxMixin.paint (package:flutter/src/rendering/proxy_box.dart:140:13)
#91     RenderOffstage.paint (package:flutter/src/rendering/proxy_box.dart:3868:11)
#92     RenderObject._paintWithContext (package:flutter/src/rendering/object.dart:3436:7)
#93     PaintingContext.paintChild (package:flutter/src/rendering/object.dart:261:13)
#94     RenderProxyBoxMixin.paint (package:flutter/src/rendering/proxy_box.dart:140:13)
#95     RenderObject._paintWithContext (package:flutter/src/rendering/object.dart:3436:7)
#96     PaintingContext.paintChild (package:flutter/src/rendering/object.dart:261:13)
#97     _RenderTheaterMixin.paint (package:flutter/src/widgets/overlay.dart:1119:15)
#98     _RenderTheater.paint (package:flutter/src/widgets/overlay.dart:1476:13)
#99     RenderObject._paintWithContext (package:flutter/src/rendering/object.dart:3436:7)
#100    PaintingContext.paintChild (package:flutter/src/rendering/object.dart:261:13)
#101    RenderProxyBoxMixin.paint (package:flutter/src/rendering/proxy_box.dart:140:13)
#102    RenderObject._paintWithContext (package:flutter/src/rendering/object.dart:3436:7)
#103    PaintingContext.paintChild (package:flutter/src/rendering/object.dart:261:13)
#104    RenderProxyBoxMixin.paint (package:flutter/src/rendering/proxy_box.dart:140:13)
#105    RenderObject._paintWithContext (package:flutter/src/rendering/object.dart:3436:7)
#106    PaintingContext.paintChild (package:flutter/src/rendering/object.dart:261:13)
#107    RenderProxyBoxMixin.paint (package:flutter/src/rendering/proxy_box.dart:140:13)
#108    RenderObject._paintWithContext (package:flutter/src/rendering/object.dart:3436:7)
#109    PaintingContext.paintChild (package:flutter/src/rendering/object.dart:261:13)
#110    RenderProxyBoxMixin.paint (package:flutter/src/rendering/proxy_box.dart:140:13)
#111    RenderCustomPaint.paint (package:flutter/src/rendering/custom_paint.dart:644:11)
#112    RenderObject._paintWithContext (package:flutter/src/rendering/object.dart:3436:7)
#113    PaintingContext.paintChild (package:flutter/src/rendering/object.dart:261:13)
#114    RenderProxyBoxMixin.paint (package:flutter/src/rendering/proxy_box.dart:140:13)
#115    RenderObject._paintWithContext (package:flutter/src/rendering/object.dart:3436:7)
#116    PaintingContext.paintChild (package:flutter/src/rendering/object.dart:261:13)
#117    RenderProxyBoxMixin.paint (package:flutter/src/rendering/proxy_box.dart:140:13)
#118    RenderObject._paintWithContext (package:flutter/src/rendering/object.dart:3436:7)
#119    PaintingContext.paintChild (package:flutter/src/rendering/object.dart:261:13)
#120    RenderProxyBoxMixin.paint (package:flutter/src/rendering/proxy_box.dart:140:13)
#121    RenderObject._paintWithContext (package:flutter/src/rendering/object.dart:3436:7)
#122    PaintingContext.paintChild (package:flutter/src/rendering/object.dart:261:13)
#123    RenderProxyBoxMixin.paint (package:flutter/src/rendering/proxy_box.dart:140:13)
#124    RenderObject._paintWithContext (package:flutter/src/rendering/object.dart:3436:7)
#125    PaintingContext.paintChild (package:flutter/src/rendering/object.dart:261:13)
#126    RenderProxyBoxMixin.paint (package:flutter/src/rendering/proxy_box.dart:140:13)
#127    RenderObject._paintWithContext (package:flutter/src/rendering/object.dart:3436:7)
#128    PaintingContext.paintChild (package:flutter/src/rendering/object.dart:261:13)
#129    RenderProxyBoxMixin.paint (package:flutter/src/rendering/proxy_box.dart:140:13)
#130    RenderObject._paintWithContext (package:flutter/src/rendering/object.dart:3436:7)
#131    PaintingContext.paintChild (package:flutter/src/rendering/object.dart:261:13)
#132    RenderView.paint (package:flutter/src/rendering/view.dart:322:15)
#133    RenderObject._paintWithContext (package:flutter/src/rendering/object.dart:3436:7)
#134    PaintingContext._repaintCompositedChild (package:flutter/src/rendering/object.dart:176:11)
#135    PaintingContext.repaintCompositedChild (package:flutter/src/rendering/object.dart:121:5)
#136    PipelineOwner.flushPaint (package:flutter/src/rendering/object.dart:1322:31)
#137    PipelineOwner.flushPaint (package:flutter/src/rendering/object.dart:1332:15)
#138    AutomatedTestWidgetsFlutterBinding.drawFrame (package:flutter_test/src/binding.dart:1512:31)
#139    RendererBinding._handlePersistentFrameCallback (package:flutter/src/rendering/binding.dart:495:5)
#140    SchedulerBinding._invokeFrameCallback (package:flutter/src/scheduler/binding.dart:1434:15)
#141    SchedulerBinding.handleDrawFrame (package:flutter/src/scheduler/binding.dart:1347:9)
#142    AutomatedTestWidgetsFlutterBinding.pump.<anonymous closure> (package:flutter_test/src/binding.dart:1335:9)
#145    TestAsyncUtils.guard (package:flutter_test/src/test_async_utils.dart:74:41)
#146    AutomatedTestWidgetsFlutterBinding.pump (package:flutter_test/src/binding.dart:1324:27)
#147    WidgetTester.pumpWidget.<anonymous closure> (package:flutter_test/src/widget_tester.dart:598:22)
#150    TestAsyncUtils.guard (package:flutter_test/src/test_async_utils.dart:74:41)
#151    WidgetTester.pumpWidget (package:flutter_test/src/widget_tester.dart:595:27)
#152    main.<anonymous closure>.<anonymous closure> (file:///home/patrick/IdeaProjects/legacy_gantt_chart/test/src/bars_collection_painter_test.dart:541:20)
#153    testWidgets.<anonymous closure>.<anonymous closure> (package:flutter_test/src/widget_tester.dart:192:29)
<asynchronous suspension>
#154    TestWidgetsFlutterBinding._runTestBody (package:flutter_test/src/binding.dart:1059:5)
<asynchronous suspension>
<asynchronous suspension>
(elided 5 frames from dart:async and package:stack_trace)

The following RenderObject was being processed when the exception was fired: RenderCustomPaint#bf2f5 relayoutBoundary=up1:
  creator: CustomPaint ← KeyedSubtree-[GlobalKey#b4b28] ← _BodyBuilder ← MediaQuery ←
    LayoutId-[<_ScaffoldSlot.body>] ← CustomMultiChildLayout ← _ActionsScope ← Actions ←
    AnimatedBuilder ← DefaultTextStyle ← AnimatedDefaultTextStyle ← _InkFeatures-[GlobalKey#fadb9 ink
    renderer] ← ⋯
  parentData: offset=Offset(0.0, 0.0); id=_ScaffoldSlot.body (can use size)
  constraints: BoxConstraints(0.0<=w<=800.0, 0.0<=h<=600.0)
  size: Size(500.0, 500.0)
  painter: BarsCollectionPainter#5862e()
  preferredSize: Size(500.0, 500.0)
This RenderObject has no descendants.
════════════════════════════════════════════════════════════════════════════════════════════════════
00:01 +0 -1: BarsCollectionPainter handles dragged task that does not exist [E]                                                                                                                        
  Test failed. See exception logs above.
  The test description was: handles dragged task that does not exist
  

To run this test again: /home/patrick/IdeaProjects/flutter/bin/cache/dart-sdk/bin/dart test /home/patrick/IdeaProjects/legacy_gantt_chart/test/src/bars_collection_painter_test.dart -p vm --plain-name 'BarsCollectionPainter handles dragged task that does not exist'
00:01 +0 -1: Some tests failed.                                                                                                                                                                        
